// Jest Snapshot v1, https://goo.gl/fbAQLP

exports[`Footer component renders correctly 1`] = `
initialize {
  "0": Object {
    "attribs": Object {
      "class": "footer",
    },
    "children": Array [
      Object {
        "attribs": Object {
          "class": "container has-text-centered",
        },
        "children": Array [
          Object {
            "attribs": Object {},
            "children": Array [
              Object {
                "data": "2019 ",
                "next": Object {
                  "attribs": Object {
                    "class": "fa fa-copyright",
                  },
                  "children": Array [],
                  "name": "i",
                  "namespace": "http://www.w3.org/1999/xhtml",
                  "next": Object {
                    "data": " Pau Berengueras. Made in Barcelona",
                    "next": null,
                    "parent": [Circular],
                    "prev": [Circular],
                    "type": "text",
                  },
                  "parent": [Circular],
                  "prev": [Circular],
                  "type": "tag",
                  "x-attribsNamespace": Object {
                    "class": undefined,
                  },
                  "x-attribsPrefix": Object {
                    "class": undefined,
                  },
                },
                "parent": [Circular],
                "prev": null,
                "type": "text",
              },
              Object {
                "attribs": Object {
                  "class": "fa fa-copyright",
                },
                "children": Array [],
                "name": "i",
                "namespace": "http://www.w3.org/1999/xhtml",
                "next": Object {
                  "data": " Pau Berengueras. Made in Barcelona",
                  "next": null,
                  "parent": [Circular],
                  "prev": [Circular],
                  "type": "text",
                },
                "parent": [Circular],
                "prev": Object {
                  "data": "2019 ",
                  "next": [Circular],
                  "parent": [Circular],
                  "prev": null,
                  "type": "text",
                },
                "type": "tag",
                "x-attribsNamespace": Object {
                  "class": undefined,
                },
                "x-attribsPrefix": Object {
                  "class": undefined,
                },
              },
              Object {
                "data": " Pau Berengueras. Made in Barcelona",
                "next": null,
                "parent": [Circular],
                "prev": Object {
                  "attribs": Object {
                    "class": "fa fa-copyright",
                  },
                  "children": Array [],
                  "name": "i",
                  "namespace": "http://www.w3.org/1999/xhtml",
                  "next": [Circular],
                  "parent": [Circular],
                  "prev": Object {
                    "data": "2019 ",
                    "next": [Circular],
                    "parent": [Circular],
                    "prev": null,
                    "type": "text",
                  },
                  "type": "tag",
                  "x-attribsNamespace": Object {
                    "class": undefined,
                  },
                  "x-attribsPrefix": Object {
                    "class": undefined,
                  },
                },
                "type": "text",
              },
            ],
            "name": "div",
            "namespace": "http://www.w3.org/1999/xhtml",
            "next": null,
            "parent": [Circular],
            "prev": null,
            "type": "tag",
            "x-attribsNamespace": Object {},
            "x-attribsPrefix": Object {},
          },
        ],
        "name": "div",
        "namespace": "http://www.w3.org/1999/xhtml",
        "next": null,
        "parent": [Circular],
        "prev": null,
        "type": "tag",
        "x-attribsNamespace": Object {
          "class": undefined,
        },
        "x-attribsPrefix": Object {
          "class": undefined,
        },
      },
    ],
    "name": "footer",
    "namespace": "http://www.w3.org/1999/xhtml",
    "next": null,
    "parent": null,
    "prev": null,
    "root": Object {
      "attribs": Object {},
      "children": Array [
        [Circular],
      ],
      "name": "root",
      "namespace": "http://www.w3.org/1999/xhtml",
      "next": null,
      "parent": null,
      "prev": null,
      "type": "root",
      "x-attribsNamespace": Object {},
      "x-attribsPrefix": Object {},
    },
    "type": "tag",
    "x-attribsNamespace": Object {
      "class": undefined,
    },
    "x-attribsPrefix": Object {
      "class": undefined,
    },
  },
  "_root": [Circular],
  "length": 1,
  "options": Object {
    "decodeEntities": true,
    "normalizeWhitespace": false,
    "withDomLvl1": true,
    "xml": false,
  },
}
`;
